[{"key":"chars1","type":"unchange","value1":["a","b","c"]},{"key":"chars2","type":"change","value1":["d","e","f"],"value2":false},{"key":"checked","type":"change","value1":false,"value2":true},{"key":"default","type":"change","value1":null,"value2":["value1","value2"]},{"key":"id","type":"change","value1":45,"value2":null},{"key":"key1","type":"remove","value1":"value1"},{"key":"key2","type":"add","value1":"value2"},{"key":"numbers1","type":"unchange","value1":[1,2,3,4]},{"key":"numbers2","type":"change","value1":[2,3,4,5],"value2":[22,33,44,55]},{"key":"numbers3","type":"remove","value1":[3,4,5]},{"key":"numbers4","type":"add","value1":[4,5,6]},{"key":"obj1","type":"add","value1":{"nestedKey":"value","isNested":true}},{"key":"setting1","type":"change","value1":"Some value","value2":"Another value"},{"key":"setting2","type":"change","value1":200,"value2":300},{"key":"setting3","type":"change","value1":true,"value2":"none"}]